limine: Loading executable `boot():/boot/kernel.elf`...
MCSOS 260502 M4 kernel entered
kernel_start=0xffffffff80000000
kernel_end=0xffffffff8021a02c
rflags_before_idt=0x0000000000000082
idt_base=0xffffffff80006000
idt_limit=0x0000000000000fff
[M4] IDT loaded
[M4] selftest: IDT invariants passed
[M6] PMM initialized
pmm_frame_count=0x0000000000020000
pmm_free_frames=0x000000000001fd9e
pmm_used_frames=0x0000000000000262
pmm_sample_frame=0x0000000000001000
[M6] sample alloc/free roundtrip ok
[M7] VMM core initialized
vmm_root_paddr=0x0000000000001000
[M7] VMM map/query/unmap smoke test passed
[M7] ready for QEMU smoke test and GDB audit
[M8] kmem initialized
kmem_total=0x0000000000010000
kmem_free=0x000000000000ffd0
kmem_largest=0x000000000000ffd0
kmem_blocks=0x0000000000000001
[M8] heap probe alloc/free roundtrip ok
[M5] boot: external interrupt bring-up start
pic_master_offset=0x0000000000000020
pic_slave_offset=0x0000000000000028
[M5] PIC remapped
[M5] selftest: PIC mask invariants passed
pit_hz=0x0000000000000064
pit_divisor=0x0000000000002e9b
[M5] PIT configured
[M5] sti: enabling interrupts
[M4] IDT and exception dispatch path installed
[M5] ready for QEMU smoke test and GDB audit
ticks=0x0000000000000064
ticks=0x00000000000000c8
ticks=0x000000000000012c
ticks=0x0000000000000190
ticks=0x00000000000001f4
