limine: Loading executable `boot():/boot/kernel.elf`...
MCSOS 260502 M4 kernel entered
kernel_start=0xffffffff80000000
kernel_end=0xffffffff80208040
rflags_before_idt=0x0000000000000082
idt_base=0xffffffff80005000
idt_limit=0x0000000000000fff
[M4] IDT loaded
[M4] selftest: IDT invariants passed
[M6] PMM initialized
pmm_frame_count=0x0000000000020000
pmm_free_frames=0x000000000001fd9e
pmm_used_frames=0x0000000000000262
pmm_sample_frame=0x0000000000001000
[M6] sample alloc/free roundtrip ok
[M7] VMM core initialized
vmm_root_paddr=0x0000000000001000
[M7] VMM map/query/unmap smoke test passed
[M7] ready for QEMU smoke test and GDB audit
[M5] boot: external interrupt bring-up start
pic_master_offset=0x0000000000000020
pic_slave_offset=0x0000000000000028
[M5] PIC remapped
[M5] selftest: PIC mask invariants passed
pit_hz=0x0000000000000064
pit_divisor=0x0000000000002e9b
[M5] PIT configured
[M5] sti: enabling interrupts
[M4] IDT and exception dispatch path installed
[M5] ready for QEMU smoke test and GDB audit
ticks=0x0000000000000064
ticks=0x00000000000000c8
ticks=0x000000000000012c
ticks=0x0000000000000190
ticks=0x00000000000001f4
ticks=0x0000000000000258
ticks=0x00000000000002bc
ticks=0x0000000000000320
ticks=0x0000000000000384
ticks=0x00000000000003e8
ticks=0x000000000000044c
ticks=0x00000000000004b0
ticks=0x0000000000000514
ticks=0x0000000000000578
ticks=0x00000000000005dc
ticks=0x0000000000000640
ticks=0x00000000000006a4
ticks=0x0000000000000708
ticks=0x000000000000076c
ticks=0x00000000000007d0
ticks=0x0000000000000834
ticks=0x0000000000000898
ticks=0x00000000000008fc
ticks=0x0000000000000960
ticks=0x00000000000009c4
ticks=0x0000000000000a28
ticks=0x0000000000000a8c
ticks=0x0000000000000af0
ticks=0x0000000000000b54
ticks=0x0000000000000bb8
ticks=0x0000000000000c1c
ticks=0x0000000000000c80
ticks=0x0000000000000ce4
ticks=0x0000000000000d48
ticks=0x0000000000000dac
ticks=0x0000000000000e10
ticks=0x0000000000000e74
ticks=0x0000000000000ed8
ticks=0x0000000000000f3c
ticks=0x0000000000000fa0
ticks=0x0000000000001004
ticks=0x0000000000001068
ticks=0x00000000000010cc
ticks=0x0000000000001130
ticks=0x0000000000001194
ticks=0x00000000000011f8
ticks=0x000000000000125c
ticks=0x00000000000012c0
ticks=0x0000000000001324
ticks=0x0000000000001388
ticks=0x00000000000013ec
ticks=0x0000000000001450
ticks=0x00000000000014b4
ticks=0x0000000000001518
ticks=0x000000000000157c
ticks=0x00000000000015e0
ticks=0x0000000000001644
ticks=0x00000000000016a8
ticks=0x000000000000170c
ticks=0x0000000000001770
ticks=0x00000000000017d4
ticks=0x0000000000001838
ticks=0x000000000000189c
ticks=0x0000000000001900
ticks=0x0000000000001964
ticks=0x00000000000019c8
ticks=0x0000000000001a2c
ticks=0x0000000000001a90
ticks=0x0000000000001af4
ticks=0x0000000000001b58
ticks=0x0000000000001bbc
ticks=0x0000000000001c20
ticks=0x0000000000001c84
ticks=0x0000000000001ce8
ticks=0x0000000000001d4c
ticks=0x0000000000001db0
ticks=0x0000000000001e14
ticks=0x0000000000001e78
ticks=0x0000000000001edc
ticks=0x0000000000001f40
ticks=0x0000000000001fa4
ticks=0x0000000000002008
ticks=0x000000000000206c
ticks=0x00000000000020d0
ticks=0x0000000000002134
